#! /usr/bin/vvp
:ivl_version "11.0 (stable)";
:ivl_delay_selection "TYPICAL";
:vpi_time_precision + 0;
:vpi_module "/usr/lib/x86_64-linux-gnu/ivl/system.vpi";
:vpi_module "/usr/lib/x86_64-linux-gnu/ivl/vhdl_sys.vpi";
:vpi_module "/usr/lib/x86_64-linux-gnu/ivl/vhdl_textio.vpi";
:vpi_module "/usr/lib/x86_64-linux-gnu/ivl/v2005_math.vpi";
:vpi_module "/usr/lib/x86_64-linux-gnu/ivl/va_math.vpi";
:vpi_module "/usr/lib/x86_64-linux-gnu/ivl/v2009.vpi";
S_0x64ae61fb5850 .scope package, "$unit" "$unit" 2 1;
 .timescale 0 0;
S_0x64ae61fb59e0 .scope module, "fifo" "fifo" 3 2;
 .timescale 0 0;
    .port_info 0 /INPUT 1 "clk";
    .port_info 1 /INPUT 1 "rst_n";
    .port_info 2 /INPUT 1 "wr_en";
    .port_info 3 /INPUT 1 "rd_en";
    .port_info 4 /INPUT 32 "din";
    .port_info 5 /OUTPUT 32 "dout";
    .port_info 6 /OUTPUT 1 "full";
    .port_info 7 /OUTPUT 1 "empty";
P_0x64ae61fb5b70 .param/l "ADDR_WIDTH" 1 3 16, +C4<00000000000000000000000000000100>;
P_0x64ae61fb5bb0 .param/l "DATA_WIDTH" 0 3 3, +C4<00000000000000000000000000100000>;
P_0x64ae61fb5bf0 .param/l "DEPTH" 0 3 4, +C4<00000000000000000000000000010000>;
v0x64ae61f9fe20_0 .net *"_ivl_0", 31 0, L_0x64ae61fcbd00;  1 drivers
L_0x7a5db55360a8 .functor BUFT 1, C4<000000000000000000000000000>, C4<0>, C4<0>, C4<0>;
v0x64ae61f9fec0_0 .net *"_ivl_11", 26 0, L_0x7a5db55360a8;  1 drivers
L_0x7a5db55360f0 .functor BUFT 1, C4<00000000000000000000000000000000>, C4<0>, C4<0>, C4<0>;
v0x64ae61fa0b50_0 .net/2u *"_ivl_12", 31 0, L_0x7a5db55360f0;  1 drivers
L_0x7a5db5536018 .functor BUFT 1, C4<000000000000000000000000000>, C4<0>, C4<0>, C4<0>;
v0x64ae61fa0bf0_0 .net *"_ivl_3", 26 0, L_0x7a5db5536018;  1 drivers
L_0x7a5db5536060 .functor BUFT 1, C4<00000000000000000000000000010000>, C4<0>, C4<0>, C4<0>;
v0x64ae61fcaf40_0 .net/2u *"_ivl_4", 31 0, L_0x7a5db5536060;  1 drivers
v0x64ae61fcb070_0 .net *"_ivl_8", 31 0, L_0x64ae61fdbfd0;  1 drivers
o0x7a5db557f138 .functor BUFZ 1, C4<z>; HiZ drive
v0x64ae61fcb150_0 .net "clk", 0 0, o0x7a5db557f138;  0 drivers
v0x64ae61fcb210_0 .var "count", 4 0;
o0x7a5db557f198 .functor BUFZ 32, C4<zzzzzzzzzzzzzzzzzzzzzzzzzzzzzzzz>; HiZ drive
v0x64ae61fcb2f0_0 .net "din", 31 0, o0x7a5db557f198;  0 drivers
v0x64ae61fcb3d0_0 .var "dout", 31 0;
v0x64ae61fcb4b0_0 .net "empty", 0 0, L_0x64ae61fdc110;  1 drivers
v0x64ae61fcb570_0 .net "full", 0 0, L_0x64ae61fdbe60;  1 drivers
v0x64ae61fcb630 .array "mem", 15 0, 31 0;
o0x7a5db557f258 .functor BUFZ 1, C4<z>; HiZ drive
v0x64ae61fcb6f0_0 .net "rd_en", 0 0, o0x7a5db557f258;  0 drivers
v0x64ae61fcb7b0_0 .var "rd_ptr", 4 0;
o0x7a5db557f2b8 .functor BUFZ 1, C4<z>; HiZ drive
v0x64ae61fcb890_0 .net "rst_n", 0 0, o0x7a5db557f2b8;  0 drivers
o0x7a5db557f2e8 .functor BUFZ 1, C4<z>; HiZ drive
v0x64ae61fcb950_0 .net "wr_en", 0 0, o0x7a5db557f2e8;  0 drivers
v0x64ae61fcbb20_0 .var "wr_ptr", 4 0;
E_0x64ae61fae0e0/0 .event negedge, v0x64ae61fcb890_0;
E_0x64ae61fae0e0/1 .event posedge, v0x64ae61fcb150_0;
E_0x64ae61fae0e0 .event/or E_0x64ae61fae0e0/0, E_0x64ae61fae0e0/1;
L_0x64ae61fcbd00 .concat [ 5 27 0 0], v0x64ae61fcb210_0, L_0x7a5db5536018;
L_0x64ae61fdbe60 .cmp/eq 32, L_0x64ae61fcbd00, L_0x7a5db5536060;
L_0x64ae61fdbfd0 .concat [ 5 27 0 0], v0x64ae61fcb210_0, L_0x7a5db55360a8;
L_0x64ae61fdc110 .cmp/eq 32, L_0x64ae61fdbfd0, L_0x7a5db55360f0;
S_0x64ae61f74cf0 .scope module, "fifo_if" "fifo_if" 3 63;
 .timescale 0 0;
P_0x64ae61f74e80 .param/l "WIDTH" 0 3 63, +C4<00000000000000000000000000100000>;
    .scope S_0x64ae61fb59e0;
T_0 ;
    %wait E_0x64ae61fae0e0;
    %load/vec4 v0x64ae61fcb890_0;
    %nor/r;
    %flag_set/vec4 8;
    %jmp/0xz  T_0.0, 8;
    %pushi/vec4 0, 0, 5;
    %assign/vec4 v0x64ae61fcbb20_0, 0;
    %jmp T_0.1;
T_0.0 ;
    %load/vec4 v0x64ae61fcb950_0;
    %load/vec4 v0x64ae61fcb570_0;
    %nor/r;
    %and;
    %flag_set/vec4 8;
    %jmp/0xz  T_0.2, 8;
    %load/vec4 v0x64ae61fcb2f0_0;
    %load/vec4 v0x64ae61fcbb20_0;
    %parti/s 4, 0, 2;
    %pad/u 6;
    %ix/vec4 3;
    %ix/load 4, 0, 0; Constant delay
    %assign/vec4/a/d v0x64ae61fcb630, 0, 4;
    %load/vec4 v0x64ae61fcbb20_0;
    %addi 1, 0, 5;
    %assign/vec4 v0x64ae61fcbb20_0, 0;
T_0.2 ;
T_0.1 ;
    %jmp T_0;
    .thread T_0;
    .scope S_0x64ae61fb59e0;
T_1 ;
    %wait E_0x64ae61fae0e0;
    %load/vec4 v0x64ae61fcb890_0;
    %nor/r;
    %flag_set/vec4 8;
    %jmp/0xz  T_1.0, 8;
    %pushi/vec4 0, 0, 5;
    %assign/vec4 v0x64ae61fcb7b0_0, 0;
    %pushi/vec4 0, 0, 32;
    %assign/vec4 v0x64ae61fcb3d0_0, 0;
    %jmp T_1.1;
T_1.0 ;
    %load/vec4 v0x64ae61fcb6f0_0;
    %load/vec4 v0x64ae61fcb4b0_0;
    %nor/r;
    %and;
    %flag_set/vec4 8;
    %jmp/0xz  T_1.2, 8;
    %load/vec4 v0x64ae61fcb7b0_0;
    %parti/s 4, 0, 2;
    %pad/u 6;
    %ix/vec4 4;
    %load/vec4a v0x64ae61fcb630, 4;
    %assign/vec4 v0x64ae61fcb3d0_0, 0;
    %load/vec4 v0x64ae61fcb7b0_0;
    %addi 1, 0, 5;
    %assign/vec4 v0x64ae61fcb7b0_0, 0;
T_1.2 ;
T_1.1 ;
    %jmp T_1;
    .thread T_1;
    .scope S_0x64ae61fb59e0;
T_2 ;
    %wait E_0x64ae61fae0e0;
    %load/vec4 v0x64ae61fcb890_0;
    %nor/r;
    %flag_set/vec4 8;
    %jmp/0xz  T_2.0, 8;
    %pushi/vec4 0, 0, 5;
    %assign/vec4 v0x64ae61fcb210_0, 0;
    %jmp T_2.1;
T_2.0 ;
    %load/vec4 v0x64ae61fcb950_0;
    %load/vec4 v0x64ae61fcb570_0;
    %nor/r;
    %and;
    %load/vec4 v0x64ae61fcb6f0_0;
    %load/vec4 v0x64ae61fcb4b0_0;
    %nor/r;
    %and;
    %concat/vec4; draw_concat_vec4
    %dup/vec4;
    %pushi/vec4 2, 0, 2;
    %cmp/u;
    %jmp/1 T_2.2, 6;
    %dup/vec4;
    %pushi/vec4 1, 0, 2;
    %cmp/u;
    %jmp/1 T_2.3, 6;
    %load/vec4 v0x64ae61fcb210_0;
    %assign/vec4 v0x64ae61fcb210_0, 0;
    %jmp T_2.5;
T_2.2 ;
    %load/vec4 v0x64ae61fcb210_0;
    %addi 1, 0, 5;
    %assign/vec4 v0x64ae61fcb210_0, 0;
    %jmp T_2.5;
T_2.3 ;
    %load/vec4 v0x64ae61fcb210_0;
    %subi 1, 0, 5;
    %assign/vec4 v0x64ae61fcb210_0, 0;
    %jmp T_2.5;
T_2.5 ;
    %pop/vec4 1;
T_2.1 ;
    %jmp T_2;
    .thread T_2;
# The file index is used to find the file name in the following table.
:file_names 4;
    "N/A";
    "<interactive>";
    "-";
    "../../rtl/fifo.sv";
